------------------------------------------------------------
Timing Analyzer Summary
------------------------------------------------------------

Type  : Slow 1100mV 85C Model Setup 'iClock'
Slack : -1.773
TNS   : -59.882

Type  : Slow 1100mV 85C Model Hold 'iClock'
Slack : 0.299
TNS   : 0.000

Type  : Slow 1100mV 85C Model Minimum Pulse Width 'iClock'
Slack : -0.394
TNS   : -39.183

Type  : Slow 1100mV 0C Model Setup 'iClock'
Slack : -1.746
TNS   : -57.776

Type  : Slow 1100mV 0C Model Hold 'iClock'
Slack : 0.279
TNS   : 0.000

Type  : Slow 1100mV 0C Model Minimum Pulse Width 'iClock'
Slack : -0.394
TNS   : -41.845

Type  : Fast 1100mV 85C Model Setup 'iClock'
Slack : -0.538
TNS   : -9.118

Type  : Fast 1100mV 85C Model Hold 'iClock'
Slack : 0.171
TNS   : 0.000

Type  : Fast 1100mV 85C Model Minimum Pulse Width 'iClock'
Slack : -0.084
TNS   : -5.877

Type  : Fast 1100mV 0C Model Setup 'iClock'
Slack : -0.438
TNS   : -5.785

Type  : Fast 1100mV 0C Model Hold 'iClock'
Slack : 0.154
TNS   : 0.000

Type  : Fast 1100mV 0C Model Minimum Pulse Width 'iClock'
Slack : -0.083
TNS   : -5.898

------------------------------------------------------------
